Archive member included because of file (symbol)

/usr/lib/gcc/avr/4.3.2/avr5/libgcc.a(_udivmodhi4.o)
                              ./main.o (__udivmodhi4)
/usr/lib/gcc/avr/4.3.2/avr5/libgcc.a(_exit.o)
                              /usr/lib/gcc/avr/4.3.2/../../../avr/lib/avr5/crtm16.o (exit)
/usr/lib/gcc/avr/4.3.2/avr5/libgcc.a(_copy_data.o)
                              ./main.o (__do_copy_data)
/usr/lib/gcc/avr/4.3.2/avr5/libgcc.a(_clear_bss.o)
                              ./main.o (__do_clear_bss)
/usr/lib/gcc/avr/4.3.2/../../../avr/lib/avr5/libc.a(eerd_word.o)
                              ./main.o (__eerd_word)

Allocating common symbols
Common symbol       size              file

Isb_Systick_Clock   0x8               ./main.o
NUL                 0x1               ./main.o
Isb_Grp             0x60              ./main.o

Memory Configuration

Name             Origin             Length             Attributes
text             0x00000000         0x00020000         xr
data             0x00800060         0x0000ffa0         rw !x
eeprom           0x00810000         0x00010000         rw !x
fuse             0x00820000         0x00000400         rw !x
lock             0x00830000         0x00000400         rw !x
signature        0x00840000         0x00000400         rw !x
*default*        0x00000000         0xffffffff

Linker script and memory map

LOAD /usr/lib/gcc/avr/4.3.2/../../../avr/lib/avr5/crtm16.o
LOAD ./main.o
LOAD /usr/lib/gcc/avr/4.3.2/avr5/libgcc.a
LOAD /usr/lib/gcc/avr/4.3.2/../../../avr/lib/avr5/libc.a
LOAD /usr/lib/gcc/avr/4.3.2/avr5/libgcc.a

.hash
 *(.hash)

.dynsym
 *(.dynsym)

.dynstr
 *(.dynstr)

.gnu.version
 *(.gnu.version)

.gnu.version_d
 *(.gnu.version_d)

.gnu.version_r
 *(.gnu.version_r)

.rel.init
 *(.rel.init)

.rela.init
 *(.rela.init)

.rel.text
 *(.rel.text)
 *(.rel.text.*)
 *(.rel.gnu.linkonce.t*)

.rela.text
 *(.rela.text)
 *(.rela.text.*)
 *(.rela.gnu.linkonce.t*)

.rel.fini
 *(.rel.fini)

.rela.fini
 *(.rela.fini)

.rel.rodata
 *(.rel.rodata)
 *(.rel.rodata.*)
 *(.rel.gnu.linkonce.r*)

.rela.rodata
 *(.rela.rodata)
 *(.rela.rodata.*)
 *(.rela.gnu.linkonce.r*)

.rel.data
 *(.rel.data)
 *(.rel.data.*)
 *(.rel.gnu.linkonce.d*)

.rela.data
 *(.rela.data)
 *(.rela.data.*)
 *(.rela.gnu.linkonce.d*)

.rel.ctors
 *(.rel.ctors)

.rela.ctors
 *(.rela.ctors)

.rel.dtors
 *(.rel.dtors)

.rela.dtors
 *(.rela.dtors)

.rel.got
 *(.rel.got)

.rela.got
 *(.rela.got)

.rel.bss
 *(.rel.bss)

.rela.bss
 *(.rela.bss)

.rel.plt
 *(.rel.plt)

.rela.plt
 *(.rela.plt)

.text           0x00000000     0x2bd0
 *(.vectors)
 .vectors       0x00000000       0x54 /usr/lib/gcc/avr/4.3.2/../../../avr/lib/avr5/crtm16.o
                0x00000000                __vectors
                0x00000000                __vector_default
 *(.vectors)
 *(.progmem.gcc*)
 *(.progmem*)
 .progmem.data  0x00000054       0x58 ./main.o
                0x000000ac                . = ALIGN (0x2)
                0x000000ac                __trampolines_start = .
 *(.trampolines)
 .trampolines   0x000000ac        0x0 linker stubs
 *(.trampolines*)
                0x000000ac                __trampolines_end = .
 *(.jumptables)
 *(.jumptables*)
 *(.lowtext)
 *(.lowtext*)
                0x000000ac                __ctors_start = .
 *(.ctors)
                0x000000ac                __ctors_end = .
                0x000000ac                __dtors_start = .
 *(.dtors)
                0x000000ac                __dtors_end = .
 SORT(*)(.ctors)
 SORT(*)(.dtors)
 *(.init0)
 .init0         0x000000ac        0x0 /usr/lib/gcc/avr/4.3.2/../../../avr/lib/avr5/crtm16.o
                0x000000ac                __init
 *(.init0)
 *(.init1)
 *(.init1)
 *(.init2)
 .init2         0x000000ac        0xc /usr/lib/gcc/avr/4.3.2/../../../avr/lib/avr5/crtm16.o
 *(.init2)
 *(.init3)
 *(.init3)
 *(.init4)
 .init4         0x000000b8       0x16 /usr/lib/gcc/avr/4.3.2/avr5/libgcc.a(_copy_data.o)
                0x000000b8                __do_copy_data
 .init4         0x000000ce       0x10 /usr/lib/gcc/avr/4.3.2/avr5/libgcc.a(_clear_bss.o)
                0x000000ce                __do_clear_bss
 *(.init4)
 *(.init5)
 *(.init5)
 *(.init6)
 *(.init6)
 *(.init7)
 *(.init7)
 *(.init8)
 *(.init8)
 *(.init9)
 .init9         0x000000de        0x8 /usr/lib/gcc/avr/4.3.2/../../../avr/lib/avr5/crtm16.o
 *(.init9)
 *(.text)
 .text          0x000000e6        0x4 /usr/lib/gcc/avr/4.3.2/../../../avr/lib/avr5/crtm16.o
                0x000000e6                __vector_1
                0x000000e6                __vector_12
                0x000000e6                __bad_interrupt
                0x000000e6                __vector_6
                0x000000e6                __vector_3
                0x000000e6                __vector_11
                0x000000e6                __vector_13
                0x000000e6                __vector_17
                0x000000e6                __vector_7
                0x000000e6                __vector_5
                0x000000e6                __vector_4
                0x000000e6                __vector_9
                0x000000e6                __vector_2
                0x000000e6                __vector_15
                0x000000e6                __vector_8
                0x000000e6                __vector_14
                0x000000e6                __vector_10
                0x000000e6                __vector_16
                0x000000e6                __vector_18
                0x000000e6                __vector_20
 .text          0x000000ea     0x2a8e ./main.o
                0x0000210c                Isb_Obj_Rx
                0x00000132                lib_eep_fw_read_byte
                0x000008d2                Isb_Systick_Exec
                0x00000242                Lib_Mcp2515_Read
                0x00000b9c                Isb_App_Exec
                0x000000fa                lib_eep_read_byte
                0x00000238                Inf_Spi_TxRx
                0x0000291a                lib_eep_fw_read_word
                0x000020e2                Isb_SendMsg
                0x00000552                Inf_Can_Tx
                0x00000b56                Lib_IntegerToFloat
                0x0000204e                Isb_Obj_getDlc
                0x000006ae                Isb_Inf_Can_Rx
                0x000025f4                Isb_Config_Rx
                0x000001e8                Inf_Spi_Init
                0x00000afe                Isb_App_Convert_PT100
                0x00000148                lib_eep_fw_write_byte
                0x00000230                Inf_Spi_Tx
                0x00000a56                Isb_Systick_Irq_Timer
                0x00000a98                __vector_19
                0x00000182                Lib_Pin_Get
                0x000007c6                Isb_Inf_Can_Tx
                0x0000010a                lib_eep_write_byte
                0x00000318                Inf_Can_Init
                0x000002c8                Lib_Mcp2515_Modify
                0x000001a6                Lib_Pin_Set
                0x00000af4                Isb_App_Init
                0x0000293c                main
                0x0000207a                Isb_Grp_Init
                0x00000678                Isb_Inf_Can_Init
                0x00000226                Inf_Spi_Rx
                0x000008a0                Isb_Systick_Init
                0x00000444                Inf_Can_Rx
                0x0000238c                Isb_Obj_Exec
                0x000020e0                Node_Reboot
                0x00000af6                Isb_App_Convert_None
                0x00002932                lib_eep_read_word
                0x00000b0a                Lib_FloatToInteger
                0x00000284                Lib_Mcp2515_Write
 .text          0x00002b78        0x0 /usr/lib/gcc/avr/4.3.2/avr5/libgcc.a(_udivmodhi4.o)
 .text          0x00002b78        0x0 /usr/lib/gcc/avr/4.3.2/avr5/libgcc.a(_exit.o)
 .text          0x00002b78        0x0 /usr/lib/gcc/avr/4.3.2/avr5/libgcc.a(_copy_data.o)
 .text          0x00002b78        0x0 /usr/lib/gcc/avr/4.3.2/avr5/libgcc.a(_clear_bss.o)
 .text          0x00002b78       0x2c /usr/lib/gcc/avr/4.3.2/../../../avr/lib/avr5/libc.a(eerd_word.o)
                0x00002b78                __eerd_word
                0x00002ba4                . = ALIGN (0x2)
 *(.text.*)
 .text.libgcc   0x00002ba4       0x28 /usr/lib/gcc/avr/4.3.2/avr5/libgcc.a(_udivmodhi4.o)
                0x00002ba4                __udivmodhi4
 .text.libgcc   0x00002bcc        0x0 /usr/lib/gcc/avr/4.3.2/avr5/libgcc.a(_exit.o)
 .text.libgcc   0x00002bcc        0x0 /usr/lib/gcc/avr/4.3.2/avr5/libgcc.a(_copy_data.o)
 .text.libgcc   0x00002bcc        0x0 /usr/lib/gcc/avr/4.3.2/avr5/libgcc.a(_clear_bss.o)
                0x00002bcc                . = ALIGN (0x2)
 *(.fini9)
 .fini9         0x00002bcc        0x0 /usr/lib/gcc/avr/4.3.2/avr5/libgcc.a(_exit.o)
                0x00002bcc                exit
                0x00002bcc                _exit
 *(.fini9)
 *(.fini8)
 *(.fini8)
 *(.fini7)
 *(.fini7)
 *(.fini6)
 *(.fini6)
 *(.fini5)
 *(.fini5)
 *(.fini4)
 *(.fini4)
 *(.fini3)
 *(.fini3)
 *(.fini2)
 *(.fini2)
 *(.fini1)
 *(.fini1)
 *(.fini0)
 .fini0         0x00002bcc        0x4 /usr/lib/gcc/avr/4.3.2/avr5/libgcc.a(_exit.o)
 *(.fini0)
                0x00002bd0                _etext = .

.data           0x00800060       0x40 load address 0x00002bd0
                0x00800060                PROVIDE (__data_start, .)
 *(.data)
 .data          0x00800060        0x0 /usr/lib/gcc/avr/4.3.2/../../../avr/lib/avr5/crtm16.o
 .data          0x00800060       0x40 ./main.o
                0x00800060                Isb_Firmware_Code
                0x00800074                PORTx
                0x00800064                DDRx
                0x00800084                PINx
                0x00800094                daysPerMonth
 .data          0x008000a0        0x0 /usr/lib/gcc/avr/4.3.2/avr5/libgcc.a(_udivmodhi4.o)
 .data          0x008000a0        0x0 /usr/lib/gcc/avr/4.3.2/avr5/libgcc.a(_exit.o)
 .data          0x008000a0        0x0 /usr/lib/gcc/avr/4.3.2/avr5/libgcc.a(_copy_data.o)
 .data          0x008000a0        0x0 /usr/lib/gcc/avr/4.3.2/avr5/libgcc.a(_clear_bss.o)
 .data          0x008000a0        0x0 /usr/lib/gcc/avr/4.3.2/../../../avr/lib/avr5/libc.a(eerd_word.o)
 *(.data*)
 *(.rodata)
 *(.rodata*)
 *(.gnu.linkonce.d*)
                0x008000a0                . = ALIGN (0x2)
                0x008000a0                _edata = .
                0x008000a0                PROVIDE (__data_end, .)

.bss            0x008000a0      0x289 load address 0x00002c10
                0x008000a0                PROVIDE (__bss_start, .)
 *(.bss)
 .bss           0x008000a0        0x0 /usr/lib/gcc/avr/4.3.2/../../../avr/lib/avr5/crtm16.o
 .bss           0x008000a0      0x220 ./main.o
                0x008000a3                Isb_Systick_Delay_Counter
                0x008000a0                Isb_Systick_Ctrl
                0x008000a1                Isb_Systick_IrqClock
 .bss           0x008002c0        0x0 /usr/lib/gcc/avr/4.3.2/avr5/libgcc.a(_udivmodhi4.o)
 .bss           0x008002c0        0x0 /usr/lib/gcc/avr/4.3.2/avr5/libgcc.a(_exit.o)
 .bss           0x008002c0        0x0 /usr/lib/gcc/avr/4.3.2/avr5/libgcc.a(_copy_data.o)
 .bss           0x008002c0        0x0 /usr/lib/gcc/avr/4.3.2/avr5/libgcc.a(_clear_bss.o)
 .bss           0x008002c0        0x0 /usr/lib/gcc/avr/4.3.2/../../../avr/lib/avr5/libc.a(eerd_word.o)
 *(.bss*)
 *(COMMON)
 COMMON         0x008002c0       0x69 ./main.o
                0x008002c0                Isb_Systick_Clock
                0x008002c8                NUL
                0x008002c9                Isb_Grp
                0x00800329                PROVIDE (__bss_end, .)
                0x00002bd0                __data_load_start = LOADADDR (.data)
                0x00002c10                __data_load_end = (__data_load_start + SIZEOF (.data))

.noinit         0x00800329        0x0
                0x00800329                PROVIDE (__noinit_start, .)
 *(.noinit*)
                0x00800329                PROVIDE (__noinit_end, .)
                0x00800329                _end = .
                0x00800329                PROVIDE (__heap_start, .)

.eeprom         0x00810000        0x0
 *(.eeprom*)
                0x00810000                __eeprom_end = .

.fuse
 *(.fuse)
 *(.lfuse)
 *(.hfuse)
 *(.efuse)

.lock
 *(.lock*)

.signature
 *(.signature*)

.stab           0x00000000     0x58f8
 *(.stab)
 .stab          0x00000000      0x6b4 /usr/lib/gcc/avr/4.3.2/../../../avr/lib/avr5/crtm16.o
 .stab          0x000006b4     0x4ed8 ./main.o
                               0x4ee4 (size before relaxing)
 .stab          0x0000558c      0x36c /usr/lib/gcc/avr/4.3.2/../../../avr/lib/avr5/libc.a(eerd_word.o)
                                0x378 (size before relaxing)

.stabstr        0x00000000     0x2792
 *(.stabstr)
 .stabstr       0x00000000     0x2792 /usr/lib/gcc/avr/4.3.2/../../../avr/lib/avr5/crtm16.o

.stab.excl
 *(.stab.excl)

.stab.exclstr
 *(.stab.exclstr)

.stab.index
 *(.stab.index)

.stab.indexstr
 *(.stab.indexstr)

.comment
 *(.comment)

.debug
 *(.debug)

.line
 *(.line)

.debug_srcinfo
 *(.debug_srcinfo)

.debug_sfnames
 *(.debug_sfnames)

.debug_aranges
 *(.debug_aranges)

.debug_pubnames
 *(.debug_pubnames)

.debug_info
 *(.debug_info)
 *(.gnu.linkonce.wi.*)

.debug_abbrev
 *(.debug_abbrev)

.debug_line
 *(.debug_line)

.debug_frame
 *(.debug_frame)

.debug_str
 *(.debug_str)

.debug_loc
 *(.debug_loc)

.debug_macinfo
 *(.debug_macinfo)
OUTPUT(fw_27-0.0.elf elf32-avr)
LOAD linker stubs
